#-----------------------------------------------------------
# Vivado v2018.1 (64-bit)
# SW Build 2188600 on Wed Apr  4 18:39:19 MDT 2018
# IP Build 2185939 on Wed Apr  4 20:55:05 MDT 2018
# Start of session at: Fri Feb 28 14:46:22 2020
# Process ID: 18479
# Current directory: /home/topalc/Desktop/ibex-master/examples/sw/ntru_latif_hoca/optimized/with_custom
# Command line: vivado
# Log file: /home/topalc/Desktop/ibex-master/examples/sw/ntru_latif_hoca/optimized/with_custom/vivado.log
# Journal file: /home/topalc/Desktop/ibex-master/examples/sw/ntru_latif_hoca/optimized/with_custom/vivado.jou
#-----------------------------------------------------------
start_gui
open_project /home/topalc/Desktop/modulerstuff/modulerstuff.xpr
update_compile_order -fileset sources_1
launch_simulation
open_wave_config /home/topalc/Desktop/modulerstuff/modulerstuff.srcs/sim_1/imports/synth-vivado/tb_top_behav1.wcfg
source tb_top.tcl
run 10 ms
run 10 ms
run 10 ms
run 10 ms
run 10 ms
save_wave_config {/home/topalc/Desktop/modulerstuff/modulerstuff.srcs/sim_1/imports/synth-vivado/tb_top_behav1.wcfg}
relaunch_sim
run 10 ms
run all
create_wave_config
run all
general.maxThreads 4
general maxThreads 4
set_param general.maxthreads 4
run all
open_wave_config {/home/topalc/Desktop/ibex-master/build/lowrisc_ibex_top_artya7_100_0.1/synth-vivado/tb_top_behav1.wcfg}
save_wave_config {/home/topalc/Desktop/modulerstuff/cikti.wcfg}
add_files -fileset sim_1 -norecurse /home/topalc/Desktop/modulerstuff/cikti.wcfg
set_property xsim.view {/home/topalc/Desktop/ibex-master/build/lowrisc_ibex_top_artya7_100_0.1/synth-vivado/tb_top_behav1.wcfg /home/topalc/Desktop/modulerstuff/cikti.wcfg} [get_filesets sim_1]
archive_project /home/topalc/Desktop/subat_28.xpr.zip -force -include_local_ip_cache -include_config_settings
